{"errors":[{"code":"authentication_invalid","detail":"You need to use basic authentication to proceed. Go to https://developers.paymongo.com/docs/authentication to know more about our API authentication."}]}